---
source: crates/llm/src/golden_tests.rs
description: src/tests/response/bedrock/tool.bin
---
event: event
data: {"type":"response.created","sequence_number":1,"response":{"created_at":123,"id":"","model":"input-model","object":"response","output":[],"status":"in_progress"}}

event: event
data: {"type":"response.output_item.added","sequence_number":2,"output_index":0,"item":{"type":"message","content":[],"id":"","role":"assistant","status":"in_progress"}}

event: event
data: {"type":"response.content_part.added","sequence_number":3,"item_id":"","output_index":0,"content_index":0,"part":{"type":"output_text","annotations":[],"logprobs":null,"text":""}}

event: event
data: {"type":"response.output_text.delta","sequence_number":4,"item_id":"","output_index":0,"content_index":0,"delta":"I'll call both tools."}

event: event
data: {"type":"response.output_text.done","sequence_number":5,"item_id":"","output_index":0,"content_index":0,"text":"I'll call both tools.","logprobs":null}

event: event
data: {"type":"response.content_part.done","sequence_number":6,"item_id":"","output_index":0,"content_index":0,"part":{"type":"output_text","annotations":[],"logprobs":null,"text":"I'll call both tools."}}

event: event
data: {"type":"response.output_item.added","sequence_number":7,"output_index":1,"item":{"type":"function_call","arguments":"","call_id":"call_xxx","name":"top_song","id":"","status":"in_progress"}}

event: event
data: {"type":"response.function_call_arguments.delta","sequence_number":8,"item_id":"","output_index":1,"delta":"{\"sign\":"}

event: event
data: {"type":"response.function_call_arguments.delta","sequence_number":9,"item_id":"","output_index":1,"delta":"\"WZPZ\"}"}

event: event
data: {"type":"response.function_call_arguments.done","name":"top_song","sequence_number":10,"item_id":"","output_index":1,"arguments":"{\"sign\":\"WZPZ\"}"}

event: event
data: {"type":"response.output_item.done","sequence_number":11,"output_index":1,"item":{"type":"function_call","arguments":"{\"sign\":\"WZPZ\"}","call_id":"call_xxx","name":"top_song","id":"","status":"completed"}}

event: event
data: {"type":"response.output_item.added","sequence_number":12,"output_index":2,"item":{"type":"function_call","arguments":"","call_id":"call_xxx","name":"hello","id":"","status":"in_progress"}}

event: event
data: {"type":"response.function_call_arguments.delta","sequence_number":13,"item_id":"","output_index":2,"delta":"{\"sign\":\"world\"}"}

event: event
data: {"type":"response.function_call_arguments.done","name":"hello","sequence_number":14,"item_id":"","output_index":2,"arguments":"{\"sign\":\"world\"}"}

event: event
data: {"type":"response.output_item.done","sequence_number":15,"output_index":2,"item":{"type":"function_call","arguments":"{\"sign\":\"world\"}","call_id":"call_xxx","name":"hello","id":"","status":"completed"}}

event: event
data: {"type":"response.output_item.done","sequence_number":16,"output_index":0,"item":{"type":"message","content":[{"type":"output_text","annotations":[],"logprobs":null,"text":"I'll call both tools."}],"id":"","role":"assistant","status":"completed"}}

event: event
data: {"type":"response.completed","sequence_number":17,"response":{"created_at":123,"id":"","model":"input-model","object":"response","output":[],"status":"completed","usage":{"input_tokens":150,"input_tokens_details":{"cached_tokens":0,"cache_write_tokens":null},"output_tokens":45,"output_tokens_details":{"reasoning_tokens":0},"total_tokens":195}}}



{
  "input_tokens": 150,
  "output_tokens": 45,
  "total_tokens": 195,
  "completion": [
    "I'll call both tools."
  ],
  "output_messages": [
    {
      "role": "assistant",
      "content": [
        {
          "type": "tool_call",
          "id": "tooluse_kZJMlvQmRJ6eAyJE5GIl7Q",
          "name": "top_song",
          "arguments": {
            "sign": "WZPZ"
          }
        },
        {
          "type": "tool_call",
          "id": "tooluse_kZJMlvQmRJ6eAyxxx",
          "name": "hello",
          "arguments": {
            "sign": "world"
          }
        }
      ],
      "finish_reason": "completed"
    }
  ]
}
